MiniMax Lyric Generation Log
=============================
Date: 2026-04-12 13:36 GMT+8
Model: MiniMax-M2.7
Temperature: 0.8
Max Tokens: 2000

Input:
------
Raw lyrics seed: 萬物都要因你復活歡呼🎉比創立天地更讓萬物高興。萬有都是你做，你說有光就有光，星辰、節令都是你所立，一切都為你復活預備。你帶我離開黑夜、寒冬，進入永遠愛的春天。
Language: Mandarin
Use case: Communion worship song (擘餅聚會)
Style: lyrical, warm & majestic

API Call:
---------
Endpoint: POST https://api.minimax.io/v1/chat/completions
Model: MiniMax-M2.7
Status: 200 OK
Tokens used: 1482 (prompt: 320, completion: 1162)

Output Files:
-------------
1. ~/ai-learning/audio/song-of-songs-minimax-lyrics-20260412.txt
2. ~/ai-learning/audio/song-of-songs-minimax-lyrics-20260412.json

Result: SUCCESS
